Exception: Negative size (-2) of 'par2' array.
File 'bus.fbd', line 4.
