Exception: Arguments without name must precede the ones with name.
File 'bus.fbd', line 4.
