{'main': [{'Files': [{'Handle': <_io.TextIOWrapper name='bus.fbd' mode='r' encoding='UTF-8'>,
                      'Id': '0x1000',
                      'Kind': 'File',
                      'Parent': RD to '0x1001',
                      'Path': 'bus.fbd',
                      'Symbols': {'my_mask': {'Id': '0x1002',
                                              'Kind': 'Element Type Definition',
                                              'Line Number': 1,
                                              'Parameter List': ({'Name': 'FOO'},
                                                                 {'Default Value': {'Child': {'Kind': 'decimal_literal',
                                                                                              'String': '2',
                                                                                              'Value': 2},
                                                                                    'Kind': 'primary_expression',
                                                                                    'String': '2'},
                                                                  'Name': 'BAR'}),
                                              'Properties': {'atomic': {'Line Number': 2,
                                                                        'Value': {'Child': {'Kind': 'identifier',
                                                                                            'String': 'FOO'},
                                                                                  'Kind': 'primary_expression',
                                                                                  'String': 'FOO'}},
                                                             'width': {'Line Number': 3,
                                                                       'Value': {'Child': {'Kind': 'identifier',
                                                                                           'String': 'BAR'},
                                                                                 'Kind': 'primary_expression',
                                                                                 'String': 'BAR'}}},
                                              'Type': 'mask'}}}],
           'Id': '0x1001',
           'Kind': 'Package',
           'Path': '/home/mkru/workspace/FBDL/PyFBDL/tests/parsing/valid/mask_with_params_definition/bus.fbd',
           'Symbols': {'my_mask': RD to '0x1002'}}]}
