Exception: Symbol 'A' defined at least twice in file 'bus.fbd'.
First occurrence line 1, second line 3.
