Exception: Argument 'm' assigned at least twice in argument list.
File 'bus.fbd', line 4.
