Exception: Negative value (-1) of the 'width' property.
File 'bus.fbd', line 3.
