Exception: Groups error in elements of type 'status' in element 'main'.
Group 'a' has only single element 's'.
File 'bus.fbd', line 1.
