Exception: Base type 'mask' does not accept argument list.
File 'bus.fbd', line 1.
