Exception: The 'doc' property must be of type 'str'.
Current type 'int'.
File 'bus.fbd', line 3.
