Exception: Both values in the 'range' property value list must be of type 'int'.
Current types 'int' and 'bool'.
File 'bus.fbd', line 3.
