{'main': [{'Files': [{'Handle': <_io.TextIOWrapper name='bus.fbd' mode='r' encoding='UTF-8'>,
                      'Id': '0x1000',
                      'Kind': 'File',
                      'Parent': RD to '0x1001',
                      'Path': 'bus.fbd',
                      'Symbols': {'main': {'Id': '0x100a',
                                           'Kind': 'Element Anonymous '
                                                   'Instantiation',
                                           'Line Number': 9,
                                           'Symbols': {'A': {'Id': '0x1007',
                                                             'Kind': 'Constant',
                                                             'Value': {'Child': {'Kind': 'decimal_literal',
                                                                                 'String': '1',
                                                                                 'Value': 1},
                                                                       'Kind': 'primary_expression',
                                                                       'String': '1'}},
                                                       'B': {'Id': '0x1008',
                                                             'Kind': 'Constant',
                                                             'Value': {'Child': {'Kind': 'decimal_literal',
                                                                                 'String': '2',
                                                                                 'Value': 2},
                                                                       'Kind': 'primary_expression',
                                                                       'String': '2'}},
                                                       'C': {'Id': '0x1009',
                                                             'Kind': 'Constant',
                                                             'Value': {'Child': {'Kind': 'false',
                                                                                 'String': 'false',
                                                                                 'Value': False},
                                                                       'Kind': 'primary_expression',
                                                                       'String': 'false'}}},
                                           'Type': 'bus'},
                                  'my_func': {'Id': '0x1006',
                                              'Kind': 'Element Definition',
                                              'Line Number': 4,
                                              'Symbols': {'A': {'Id': '0x1004',
                                                                'Kind': 'Constant',
                                                                'Value': {'Child': {'Kind': 'decimal_literal',
                                                                                    'String': '1',
                                                                                    'Value': 1},
                                                                          'Kind': 'primary_expression',
                                                                          'String': '1'}},
                                                          'B': {'Id': '0x1005',
                                                                'Kind': 'Constant',
                                                                'Value': {'Child': {'Kind': 'decimal_literal',
                                                                                    'String': '2',
                                                                                    'Value': 2},
                                                                          'Kind': 'primary_expression',
                                                                          'String': '2'}}},
                                              'Type': 'func'},
                                  'my_mask': {'Id': '0x1003',
                                              'Kind': 'Element Definition',
                                              'Line Number': 1,
                                              'Symbols': {'A': {'Id': '0x1002',
                                                                'Kind': 'Constant',
                                                                'Value': {'Child': {'Kind': 'decimal_literal',
                                                                                    'String': '1',
                                                                                    'Value': 1},
                                                                          'Kind': 'primary_expression',
                                                                          'String': '1'}}},
                                              'Type': 'mask'}}}],
           'Id': '0x1001',
           'Kind': 'Package',
           'Path': '/home/mkru/workspace/FBDL/PyFBDL/tests/parsing/valid/const_within_elements/bus.fbd',
           'Symbols': {'main': RD to '0x100a',
                       'my_func': RD to '0x1006',
                       'my_mask': RD to '0x1003'}}]}
