Exception: Element Definitive Instantiation, can not set property 'width' in symbol 'my_mask'.
The property is alrady set in one of the ancestor types.
File 'bus.fbd', line 6.
