Exception: Parameter 'A' defined at least twice in parameter list.
File 'bus.fbd', line 1.
