Exception: Groups error in elements of type 'status' in element 'my_block'.
Conflicting order of groups.
Group "b" is before group "a" in element 'bar', but after group "a" in element 'foo'.
File 'bus.fbd', line 2.
